[    0.000000] Linux version 4.15.0-72-generic (buildd@lcy01-amd64-026) (gcc version 7.4.0 (Ubuntu 7.4.0-1ubuntu1~18.04.1)) #81-Ubuntu SMP Tue Nov 26 12:20:02 UTC 2019 (Ubuntu 4.15.0-72.81-generic 4.15.18)
[    0.000000] Command line: BOOT_IMAGE=/boot/vmlinuz-4.15.0-72-generic root=UUID=dba4d46f-4a27-41aa-b1b1-4098643d2c4e ro console=tty1 console=ttyS0
[    0.000000] KERNEL supported cpus:
[    0.000000]   Intel GenuineIntel
[    0.000000]   AMD AuthenticAMD
[    0.000000]   Centaur CentaurHauls
[    0.000000] x86/fpu: Supporting XSAVE feature 0x001: 'x87 floating point registers'
[    0.000000] x86/fpu: Supporting XSAVE feature 0x002: 'SSE registers'
[    0.000000] x86/fpu: Supporting XSAVE feature 0x004: 'AVX registers'
[    0.000000] x86/fpu: xstate_offset[2]:  576, xstate_sizes[2]:  256
[    0.000000] x86/fpu: Enabled xstate features 0x7, context size is 832 bytes, using 'standard' format.
[    0.000000] e820: BIOS-provided physical RAM map:
[    0.000000] BIOS-e820: [mem 0x0000000000000000-0x000000000009fbff] usable
[    0.000000] BIOS-e820: [mem 0x000000000009fc00-0x000000000009ffff] reserved
[    0.000000] BIOS-e820: [mem 0x00000000000f0000-0x00000000000fffff] reserved
[    0.000000] BIOS-e820: [mem 0x0000000000100000-0x000000003ffeffff] usable
[    0.000000] BIOS-e820: [mem 0x000000003fff0000-0x000000003fffffff] ACPI data
[    0.000000] BIOS-e820: [mem 0x00000000fec00000-0x00000000fec00fff] reserved
[    0.000000] BIOS-e820: [mem 0x00000000fee00000-0x00000000fee00fff] reserved
[    0.000000] BIOS-e820: [mem 0x00000000fffc0000-0x00000000ffffffff] reserved
[    0.000000] NX (Execute Disable) protection: active
[    0.000000] SMBIOS 2.5 present.
[    0.000000] DMI: innotek GmbH VirtualBox/VirtualBox, BIOS VirtualBox 12/01/2006
[    0.000000] Hypervisor detected: KVM
[    0.000000] e820: last_pfn = 0x3fff0 max_arch_pfn = 0x400000000
[    0.000000] MTRR: Disabled
[    0.000000] x86/PAT: MTRRs disabled, skipping PAT initialization too.
[    0.000000] CPU MTRRs all blank - virtualized system.
[    0.000000] x86/PAT: Configuration [0-7]: WB  WT  UC- UC  WB  WT  UC- UC  
[    0.000000] found SMP MP-table at [mem 0x0009fff0-0x0009ffff]
[    0.000000] Scanning 1 areas for low memory corruption
[    0.000000] RAMDISK: [mem 0x35963000-0x36ca8fff]
[    0.000000] ACPI: Early table checksum verification disabled
[    0.000000] ACPI: RSDP 0x00000000000E0000 000024 (v02 VBOX  )
[    0.000000] ACPI: XSDT 0x000000003FFF0030 00003C (v01 VBOX   VBOXXSDT 00000001 ASL  00000061)
[    0.000000] ACPI: FACP 0x000000003FFF00F0 0000F4 (v04 VBOX   VBOXFACP 00000001 ASL  00000061)
[    0.000000] ACPI: DSDT 0x000000003FFF0470 0022EA (v02 VBOX   VBOXBIOS 00000002 INTL 20100528)
[    0.000000] ACPI: FACS 0x000000003FFF0200 000040
[    0.000000] ACPI: FACS 0x000000003FFF0200 000040
[    0.000000] ACPI: APIC 0x000000003FFF0240 000054 (v02 VBOX   VBOXAPIC 00000001 ASL  00000061)
[    0.000000] ACPI: SSDT 0x000000003FFF02A0 0001CC (v01 VBOX   VBOXCPUT 00000002 INTL 20100528)
[    0.000000] No NUMA configuration found
[    0.000000] Faking a node at [mem 0x0000000000000000-0x000000003ffeffff]
[    0.000000] NODE_DATA(0) allocated [mem 0x3ffc5000-0x3ffeffff]
[    0.000000] kvm-clock: cpu 0, msr 0:3ff44001, primary cpu clock
[    0.000000] kvm-clock: Using msrs 4b564d01 and 4b564d00
[    0.000000] kvm-clock: using sched offset of 5797786240 cycles
[    0.000000] clocksource: kvm-clock: mask: 0xffffffffffffffff max_cycles: 0x1cd42e4dffb, max_idle_ns: 881590591483 ns
[    0.000000] Zone ranges:
[    0.000000]   DMA      [mem 0x0000000000001000-0x0000000000ffffff]
[    0.000000]   DMA32    [mem 0x0000000001000000-0x000000003ffeffff]
[    0.000000]   Normal   empty
[    0.000000]   Device   empty
[    0.000000] Movable zone start for each node
[    0.000000] Early memory node ranges
[    0.000000]   node   0: [mem 0x0000000000001000-0x000000000009efff]
[    0.000000]   node   0: [mem 0x0000000000100000-0x000000003ffeffff]
[    0.000000] Reserved but unavailable: 98 pages
[    0.000000] Initmem setup node 0 [mem 0x0000000000001000-0x000000003ffeffff]
[    0.000000] ACPI: PM-Timer IO Port: 0x4008
[    0.000000] IOAPIC[0]: apic_id 1, version 32, address 0xfec00000, GSI 0-23
[    0.000000] ACPI: INT_SRC_OVR (bus 0 bus_irq 0 global_irq 2 dfl dfl)
[    0.000000] ACPI: INT_SRC_OVR (bus 0 bus_irq 9 global_irq 9 low level)
[    0.000000] Using ACPI (MADT) for SMP configuration information
[    0.000000] smpboot: Allowing 1 CPUs, 0 hotplug CPUs
[    0.000000] PM: Registered nosave memory: [mem 0x00000000-0x00000fff]
[    0.000000] PM: Registered nosave memory: [mem 0x0009f000-0x0009ffff]
[    0.000000] PM: Registered nosave memory: [mem 0x000a0000-0x000effff]
[    0.000000] PM: Registered nosave memory: [mem 0x000f0000-0x000fffff]
[    0.000000] e820: [mem 0x40000000-0xfebfffff] available for PCI devices
[    0.000000] Booting paravirtualized kernel on KVM
[    0.000000] clocksource: refined-jiffies: mask: 0xffffffff max_cycles: 0xffffffff, max_idle_ns: 7645519600211568 ns
[    0.000000] random: get_random_bytes called from start_kernel+0x99/0x4fd with crng_init=0
[    0.000000] setup_percpu: NR_CPUS:8192 nr_cpumask_bits:1 nr_cpu_ids:1 nr_node_ids:1
[    0.000000] percpu: Embedded 45 pages/cpu s147456 r8192 d28672 u2097152
[    0.000000] PV qspinlock hash table entries: 256 (order: 0, 4096 bytes)
[    0.000000] Built 1 zonelists, mobility grouping on.  Total pages: 257913
[    0.000000] Policy zone: DMA32
[    0.000000] Kernel command line: BOOT_IMAGE=/boot/vmlinuz-4.15.0-72-generic root=UUID=dba4d46f-4a27-41aa-b1b1-4098643d2c4e ro console=tty1 console=ttyS0
[    0.000000] Memory: 983040K/1048120K available (12300K kernel code, 2481K rwdata, 4264K rodata, 2428K init, 2388K bss, 65080K reserved, 0K cma-reserved)
[    0.000000] SLUB: HWalign=64, Order=0-3, MinObjects=0, CPUs=1, Nodes=1
[    0.000000] Kernel/User page tables isolation: enabled
[    0.000000] ftrace: allocating 39318 entries in 154 pages
[    0.004000] Hierarchical RCU implementation.
[    0.004000] 	RCU restricting CPUs from NR_CPUS=8192 to nr_cpu_ids=1.
[    0.004000] 	Tasks RCU enabled.
[    0.004000] RCU: Adjusting geometry for rcu_fanout_leaf=16, nr_cpu_ids=1
[    0.004000] NR_IRQS: 524544, nr_irqs: 256, preallocated irqs: 16
[    0.004000] Console: colour VGA+ 80x25
[    0.004000] console [tty1] enabled
[    0.004000] console [ttyS0] enabled
[    0.004000] ACPI: Core revision 20170831
[    0.004000] ACPI: 2 ACPI AML tables successfully acquired and loaded
[    0.004000] APIC: Switch to symmetric I/O mode setup
[    0.005562] x2apic enabled
[    0.007851] Switched APIC routing to physical x2apic.
[    0.012000] ..TIMER: vector=0x30 apic1=0 pin1=2 apic2=-1 pin2=-1
[    0.012010] tsc: Detected 2594.118 MHz processor
[    0.016020] Calibrating delay loop (skipped) preset value.. 5188.23 BogoMIPS (lpj=10376472)
[    0.020012] pid_max: default: 32768 minimum: 301
[    0.024099] Security Framework initialized
[    0.026239] Yama: becoming mindful.
[    0.028072] AppArmor: AppArmor initialized
[    0.032101] Dentry cache hash table entries: 131072 (order: 8, 1048576 bytes)
[    0.036164] Inode-cache hash table entries: 65536 (order: 7, 524288 bytes)
[    0.040054] Mount-cache hash table entries: 2048 (order: 2, 16384 bytes)
[    0.044022] Mountpoint-cache hash table entries: 2048 (order: 2, 16384 bytes)
[    0.048292] process: using mwait in idle threads
[    0.050827] Last level iTLB entries: 4KB 512, 2MB 8, 4MB 8
[    0.052012] Last level dTLB entries: 4KB 512, 2MB 32, 4MB 32, 1GB 0
[    0.056000] Spectre V1 : Mitigation: usercopy/swapgs barriers and __user pointer sanitization
[    0.056016] Spectre V2 : Mitigation: Full generic retpoline
[    0.060010] Spectre V2 : Spectre v2 / SpectreRSB mitigation: Filling RSB on context switch
[    0.064011] Speculative Store Bypass: Vulnerable
[    0.066805] MDS: Vulnerable: Clear CPU buffers attempted, no microcode
[    0.100932] Freeing SMP alternatives memory: 36K
[    0.214038] smpboot: CPU0: Intel(R) Core(TM) i5-3230M CPU @ 2.60GHz (family: 0x6, model: 0x3a, stepping: 0x9)
[    0.216000] Performance Events: unsupported p6 CPU model 58 no PMU driver, software events only.
[    0.216096] Hierarchical SRCU implementation.
[    0.220709] NMI watchdog: Perf event create on CPU 0 failed with -2
[    0.224009] NMI watchdog: Perf NMI watchdog permanently disabled
[    0.226546] smp: Bringing up secondary CPUs ...
[    0.228007] smp: Brought up 1 node, 1 CPU
[    0.229324] smpboot: Max logical packages: 1
[    0.232005] smpboot: Total of 1 processors activated (5188.23 BogoMIPS)
[    0.234279] devtmpfs: initialized
[    0.236123] x86/mm: Memory block size: 128MB
[    0.238038] evm: security.selinux
[    0.239423] evm: security.SMACK64
[    0.240017] evm: security.SMACK64EXEC
[    0.241595] evm: security.SMACK64TRANSMUTE
[    0.244008] evm: security.SMACK64MMAP
[    0.245244] evm: security.apparmor
[    0.246434] evm: security.ima
[    0.248003] evm: security.capability
[    0.249538] clocksource: jiffies: mask: 0xffffffff max_cycles: 0xffffffff, max_idle_ns: 7645041785100000 ns
[    0.252037] futex hash table entries: 256 (order: 2, 16384 bytes)
[    0.254031] pinctrl core: initialized pinctrl subsystem
[    0.256307] RTC time: 14:01:58, date: 12/26/19
[    0.260251] NET: Registered protocol family 16
[    0.261948] audit: initializing netlink subsys (disabled)
[    0.264292] cpuidle: using governor ladder
[    0.265654] cpuidle: using governor menu
[    0.267103] ACPI: bus type PCI registered
[    0.268005] acpiphp: ACPI Hot Plug PCI Controller Driver version: 0.5
[    0.270077] audit: type=2000 audit(1577368925.204:1): state=initialized audit_enabled=0 res=1
[    0.272244] PCI: Using configuration type 1 for base access
[    0.280337] HugeTLB registered 2.00 MiB page size, pre-allocated 0 pages
[    0.284294] ACPI: Added _OSI(Module Device)
[    0.285717] ACPI: Added _OSI(Processor Device)
[    0.287166] ACPI: Added _OSI(3.0 _SCP Extensions)
[    0.288023] ACPI: Added _OSI(Processor Aggregator Device)
[    0.292051] ACPI: Added _OSI(Linux-Dell-Video)
[    0.293503] ACPI: Added _OSI(Linux-Lenovo-NV-HDMI-Audio)
[    0.295188] ACPI: Added _OSI(Linux-HPI-Hybrid-Graphics)
[    0.296576] ACPI: Executed 1 blocks of module-level executable AML code
[    0.314752] ACPI: Interpreter enabled
[    0.316000] ACPI: (supports S0 S5)
[    0.316005] ACPI: Using IOAPIC for interrupt routing
[    0.320445] PCI: Using host bridge windows from ACPI; if necessary, use "pci=nocrs" and report a bug
[    0.324000] ACPI: Enabled 2 GPEs in block 00 to 07
[    0.344819] ACPI: PCI Root Bridge [PCI0] (domain 0000 [bus 00-ff])
[    0.346783] acpi PNP0A03:00: _OSC: OS supports [ASPM ClockPM Segments MSI]
[    0.350012] acpi PNP0A03:00: _OSC: not requesting OS control; OS requires [ExtendedConfig ASPM ClockPM MSI]
[    0.352031] acpi PNP0A03:00: fail to add MMCONFIG information, can't access extended PCI configuration space under this bridge.
[    0.356932] PCI host bridge to bus 0000:00
[    0.360009] pci_bus 0000:00: root bus resource [io  0x0000-0x0cf7 window]
[    0.362098] pci_bus 0000:00: root bus resource [io  0x0d00-0xffff window]
[    0.364008] pci_bus 0000:00: root bus resource [mem 0x000a0000-0x000bffff window]
[    0.366779] pci_bus 0000:00: root bus resource [mem 0x40000000-0xfdffffff window]
[    0.368008] pci_bus 0000:00: root bus resource [bus 00-ff]
[    0.376092] pci 0000:00:01.1: legacy IDE quirk: reg 0x10: [io  0x01f0-0x01f7]
[    0.378539] pci 0000:00:01.1: legacy IDE quirk: reg 0x14: [io  0x03f6]
[    0.380010] pci 0000:00:01.1: legacy IDE quirk: reg 0x18: [io  0x0170-0x0177]
[    0.382226] pci 0000:00:01.1: legacy IDE quirk: reg 0x1c: [io  0x0376]
[    0.413118] pci 0000:00:07.0: quirk: [io  0x4000-0x403f] claimed by PIIX4 ACPI
[    0.415656] pci 0000:00:07.0: quirk: [io  0x4100-0x410f] claimed by PIIX4 SMB
[    0.437245] ACPI: PCI Interrupt Link [LNKA] (IRQs 5 9 10 *11)
[    0.440296] ACPI: PCI Interrupt Link [LNKB] (IRQs 5 9 *10 11)
[    0.444000] ACPI: PCI Interrupt Link [LNKC] (IRQs 5 *9 10 11)
[    0.444351] ACPI: PCI Interrupt Link [LNKD] (IRQs 5 9 10 *11)
[    0.448908] SCSI subsystem initialized
[    0.450451] pci 0000:00:02.0: vgaarb: setting as boot VGA device
[    0.452000] pci 0000:00:02.0: vgaarb: VGA device added: decodes=io+mem,owns=io+mem,locks=none
[    0.452009] pci 0000:00:02.0: vgaarb: bridge control possible
[    0.456011] vgaarb: loaded
[    0.457493] ACPI: bus type USB registered
[    0.460068] usbcore: registered new interface driver usbfs
[    0.461977] usbcore: registered new interface driver hub
[    0.464038] usbcore: registered new device driver usb
[    0.465803] EDAC MC: Ver: 3.0.0
[    0.468581] PCI: Using ACPI for IRQ routing
[    0.473064] NetLabel: Initializing
[    0.475139] NetLabel:  domain hash size = 128
[    0.476016] NetLabel:  protocols = UNLABELED CIPSOv4 CALIPSO
[    0.480066] NetLabel:  unlabeled traffic allowed by default
[    0.482675] clocksource: Switched to clocksource kvm-clock
[    0.533969] VFS: Disk quotas dquot_6.6.0
[    0.535944] VFS: Dquot-cache hash table entries: 512 (order 0, 4096 bytes)
[    0.539124] AppArmor: AppArmor Filesystem Enabled
[    0.541389] pnp: PnP ACPI init
[    0.546497] pnp: PnP ACPI: found 3 devices
[    0.556847] clocksource: acpi_pm: mask: 0xffffff max_cycles: 0xffffff, max_idle_ns: 2085701024 ns
[    0.560526] NET: Registered protocol family 2
[    0.563105] TCP established hash table entries: 8192 (order: 4, 65536 bytes)
[    0.566241] TCP bind hash table entries: 8192 (order: 5, 131072 bytes)
[    0.569311] TCP: Hash tables configured (established 8192 bind 8192)
[    0.572746] UDP hash table entries: 512 (order: 2, 16384 bytes)
[    0.576439] UDP-Lite hash table entries: 512 (order: 2, 16384 bytes)
[    0.581435] NET: Registered protocol family 1
[    0.583108] pci 0000:00:00.0: Limiting direct PCI/PCI transfers
[    0.586004] pci 0000:00:01.0: Activating ISA DMA hang workarounds
[    0.588911] pci 0000:00:02.0: Video device with shadowed ROM at [mem 0x000c0000-0x000dffff]
[    0.592425] Unpacking initramfs...
[    1.459455] Freeing initrd memory: 19736K
[    1.461633] clocksource: tsc: mask: 0xffffffffffffffff max_cycles: 0x25648795e0a, max_idle_ns: 440795308372 ns
[    1.466483] platform rtc_cmos: registered platform RTC device (no PNP device found)
[    1.469970] Scanning for low memory corruption every 60 seconds
[    1.474190] Initialise system trusted keyrings
[    1.476151] Key type blacklist registered
[    1.478107] workingset: timestamp_bits=36 max_order=18 bucket_order=0
[    1.484875] zbud: loaded
[    1.487616] squashfs: version 4.0 (2009/01/31) Phillip Lougher
[    1.490764] fuse init (API version 7.26)
[    1.495345] Key type asymmetric registered
[    1.497321] Asymmetric key parser 'x509' registered
[    1.499752] Block layer SCSI generic (bsg) driver version 0.4 loaded (major 246)
[    1.503657] io scheduler noop registered
[    1.505722] io scheduler deadline registered
[    1.507845] io scheduler cfq registered (default)
[    1.510541] ACPI: AC Adapter [AC] (on-line)
[    1.512575] input: Power Button as /devices/LNXSYSTM:00/LNXPWRBN:00/input/input0
[    1.515902] ACPI: Power Button [PWRF]
[    1.517835] input: Sleep Button as /devices/LNXSYSTM:00/LNXSLPBN:00/input/input1
[    1.521128] ACPI: Sleep Button [SLPF]
[    1.526398] ACPI: Battery Slot [BAT0] (battery present)
[    1.529034] Serial: 8250/16550 driver, 32 ports, IRQ sharing enabled
[    1.554408] 00:02: ttyS0 at I/O 0x3f8 (irq = 4, base_baud = 115200) is a 16550A
[    1.562844] Linux agpgart interface v0.103
[    1.568364] loop: module loaded
[    1.571444] scsi host0: ata_piix
[    1.573266] scsi host1: ata_piix
[    1.574896] ata1: PATA max UDMA/33 cmd 0x1f0 ctl 0x3f6 bmdma 0xd000 irq 14
[    1.578040] ata2: PATA max UDMA/33 cmd 0x170 ctl 0x376 bmdma 0xd008 irq 15
[    1.582135] libphy: Fixed MDIO Bus: probed
[    1.583906] tun: Universal TUN/TAP device driver, 1.6
[    1.586383] PPP generic driver version 2.4.2
[    1.588430] ehci_hcd: USB 2.0 'Enhanced' Host Controller (EHCI) Driver
[    1.591150] ehci-pci: EHCI PCI platform driver
[    1.593254] ehci-platform: EHCI generic platform driver
[    1.595408] ohci_hcd: USB 1.1 'Open' Host Controller (OHCI) Driver
[    1.598131] ohci-pci: OHCI PCI platform driver
[    1.600060] ohci-platform: OHCI generic platform driver
[    1.602444] uhci_hcd: USB Universal Host Controller Interface driver
[    1.605408] i8042: PNP: PS/2 Controller [PNP0303:PS2K,PNP0f03:PS2M] at 0x60,0x64 irq 1,12
[    1.610259] serio: i8042 KBD port at 0x60,0x64 irq 1
[    1.613856] serio: i8042 AUX port at 0x60,0x64 irq 12
[    1.616411] mousedev: PS/2 mouse device common for all mice
[    1.619504] input: AT Translated Set 2 keyboard as /devices/platform/i8042/serio0/input/input2
[    1.624328] rtc_cmos rtc_cmos: rtc core: registered rtc_cmos as rtc0
[    1.627218] rtc_cmos rtc_cmos: alarms up to one day, 114 bytes nvram
[    1.630383] i2c /dev entries driver
[    1.632196] device-mapper: uevent: version 1.0.3
[    1.634574] device-mapper: ioctl: 4.37.0-ioctl (2017-09-20) initialised: dm-devel@redhat.com
[    1.638410] ledtrig-cpu: registered to indicate activity on CPUs
[    1.642104] NET: Registered protocol family 10
[    1.653440] Segment Routing with IPv6
[    1.655248] NET: Registered protocol family 17
[    1.657607] Key type dns_resolver registered
[    1.659900] mce: Using 0 MCE banks
[    1.661670] RAS: Correctable Errors collector initialized.
[    1.664245] sched_clock: Marking stable (1661577284, 0)->(2122803791, -461226507)
[    1.668469] registered taskstats version 1
[    1.670532] Loading compiled-in X.509 certificates
[    1.678717] Loaded X.509 cert 'Build time autogenerated kernel key: f4f7241365689b0cbe3898188e65e316fd8f978d'
[    1.683241] zswap: loaded using pool lzo/zbud
[    1.693836] Key type big_key registered
[    1.695506] Key type trusted registered
[    1.700818] Key type encrypted registered
[    1.702627] AppArmor: AppArmor sha1 policy hashing enabled
[    1.705057] ima: No TPM chip found, activating TPM-bypass! (rc=-19)
[    1.707821] ima: Allocated hash algorithm: sha1
[    1.709929] evm: HMAC attrs: 0x1
[    1.711924]   Magic number: 15:437:31
[    1.713761] rtc_cmos rtc_cmos: setting system clock to 2019-12-26 14:01:59 UTC (1577368919)
[    1.717573] BIOS EDD facility v0.16 2004-Jun-25, 0 devices found
[    1.720198] EDD information not available.
[    1.753873] Freeing unused kernel image memory: 2428K
[    1.760074] Write protecting the kernel read-only data: 20480k
[    1.764187] Freeing unused kernel image memory: 2008K
[    1.767413] Freeing unused kernel image memory: 1880K
[    1.813708] x86/mm: Checked W+X mappings: passed, no W+X pages found.
[    1.816346] x86/mm: Checking user space page tables
[    1.862122] x86/mm: Checked W+X mappings: passed, no W+X pages found.
Loading, please wait...
starting version 237
[    2.171568] e1000: Intel(R) PRO/1000 Network Driver - version 7.3.21-k8-NAPI
[    2.173842] e1000: Copyright (c) 1999-2006 Intel Corporation.
[    2.208775] Fusion MPT base driver 3.04.20
[    2.210187] Copyright (c) 1999-2008 LSI Corporation
[    2.279287] Fusion MPT SPI Host driver 3.04.20
[    2.423478] input: ImExPS/2 Generic Explorer Mouse as /devices/platform/i8042/serio1/input/input4
[    2.749126] e1000 0000:00:03.0 eth0: (PCI:33MHz:32-bit) 02:00:53:70:0f:50
[    2.751508] e1000 0000:00:03.0 eth0: Intel(R) PRO/1000 Network Connection
[    2.756083] mptbase: ioc0: Initiating bringup
[    2.852445] ioc0: LSI53C1030 A0: Capabilities={Initiator}
[    3.094632] scsi host2: ioc0: LSI53C1030 A0, FwRev=00000000h, Ports=1, MaxQ=256, IRQ=20
[    3.265760] scsi 2:0:0:0: Direct-Access     VBOX     HARDDISK         1.0  PQ: 0 ANSI: 5
[    3.271709] scsi target2:0:0: Beginning Domain Validation
[    3.274452] random: fast init done
[    3.276819] scsi target2:0:0: Domain Validation skipping write tests
[    3.278791] scsi target2:0:0: Ending Domain Validation
[    3.280555] scsi target2:0:0: asynchronous
[    3.282683] scsi 2:0:1:0: Direct-Access     VBOX     HARDDISK         1.0  PQ: 0 ANSI: 5
[    3.285328] scsi target2:0:1: Beginning Domain Validation
[    3.288527] scsi target2:0:1: Domain Validation skipping write tests
[    3.290859] scsi target2:0:1: Ending Domain Validation
[    3.292613] scsi target2:0:1: asynchronous
[    3.299919] random: systemd-udevd: uninitialized urandom read (16 bytes read)
[    3.302207] random: systemd-udevd: uninitialized urandom read (16 bytes read)
[    3.304416] random: systemd-udevd: uninitialized urandom read (16 bytes read)
[    3.307372] sd 2:0:0:0: [sda] 20971520 512-byte logical blocks: (10.7 GB/10.0 GiB)
[    3.310286] sd 2:0:0:0: [sda] Write Protect is off
[    3.312021] sd 2:0:0:0: Attached scsi generic sg0 type 0
[    3.314092] sd 2:0:0:0: [sda] Incomplete mode parameter data
[    3.315951] sd 2:0:0:0: [sda] Assuming drive cache: write through
[    3.318179] sd 2:0:1:0: [sdb] 20480 512-byte logical blocks: (10.5 MB/10.0 MiB)
[    3.320669] sd 2:0:1:0: [sdb] Write Protect is off
[    3.322365] sd 2:0:1:0: Attached scsi generic sg1 type 0
[    3.329667] sd 2:0:1:0: [sdb] Incomplete mode parameter data
[    3.331956] sd 2:0:1:0: [sdb] Assuming drive cache: write through
[    3.358718]  sda: sda1
[    3.360983] sd 2:0:0:0: [sda] Attached SCSI disk
[    3.386116] sd 2:0:1:0: [sdb] Attached SCSI disk
[    3.793258] e1000 0000:00:08.0 eth1: (PCI:33MHz:32-bit) 08:00:27:70:77:38
[    3.797402] e1000 0000:00:08.0 eth1: Intel(R) PRO/1000 Network Connection
[    3.802644] e1000 0000:00:03.0 enp0s3: renamed from eth0
[    3.810775] e1000 0000:00:08.0 enp0s8: renamed from eth1
Begin: Loading essential drivers ... [    5.856052] raid6: sse2x1   gen()  2105 MB/s
[    5.904228] raid6: sse2x1   xor()  1329 MB/s
[    5.952361] raid6: sse2x2   gen()  4311 MB/s
[    6.000157] raid6: sse2x2   xor()  2443 MB/s
[    6.048041] raid6: sse2x4   gen()  6298 MB/s
[    6.096068] raid6: sse2x4   xor()  3593 MB/s
[    6.097641] raid6: using algorithm sse2x4 gen() 6298 MB/s
[    6.099675] raid6: .... xor() 3593 MB/s, rmw enabled
[    6.101316] raid6: using ssse3x2 recovery algorithm
[    6.106208] xor: automatically using best checksumming function   avx       
[    6.111394] async_tx: api initialized (async)
done.
Begin: Running /scripts/init-premount ... done.
Begin: Mounting root file system ... Begin: Running /scripts/local-top ... done.
Begin: Running /scripts/local-premount ... [    6.276701] Btrfs loaded, crc32c=crc32c-intel
Scanning for Btrfs filesystems
done.
Warning: fsck not present, so skipping root file system
[    6.371532] EXT4-fs (sda1): INFO: recovery required on readonly filesystem
[    6.375432] EXT4-fs (sda1): write access will be enabled during recovery
[    6.679480] EXT4-fs (sda1): recovery complete
[    6.683903] EXT4-fs (sda1): mounted filesystem with ordered data mode. Opts: (null)
done.
Begin: Running /scripts/local-bottom ... done.
Begin: Running /scripts/init-bottom ... done.
[    8.363526] ip_tables: (C) 2000-2006 Netfilter Core Team
[    8.440065] systemd[1]: systemd 237 running in system mode. (+PAM +AUDIT +SELINUX +IMA +APPARMOR +SMACK +SYSVINIT +UTMP +LIBCRYPTSETUP +GCRYPT +GNUTLS +ACL +XZ +LZ4 +SECCOMP +BLKID +ELFUTILS +KMOD -IDN2 +IDN -PCRE2 default-hierarchy=hybrid)
[    8.452939] systemd[1]: Detected virtualization oracle.
[    8.457257] systemd[1]: Detected architecture x86-64.

Welcome to [1mUbuntu 18.04.3 LTS[0m!

[    8.504641] systemd[1]: Set hostname to <ubuntu-bionic>.
[    8.720676] random: crng init done
[    8.722404] random: 7 urandom warning(s) missed due to ratelimiting
[   10.445523] systemd[1]: Reached target User and Group Name Lookups.
[[0;32m  OK  [0m] Reached target User and Group Name Lookups.
[   10.451685] systemd[1]: Set up automount Arbitrary Executable File Formats File System Automount Point.
[[0;32m  OK  [0m] Set up automount Arbitrary Executabâ€¦rmats File System Automount Point.
[   10.472215] systemd[1]: Reached target System Time Synchronized.
[[0;32m  OK  [0m] Reached target System Time Synchronized.
[   10.478788] systemd[1]: Created slice System Slice.
[[0;32m  OK  [0m] Created slice System Slice.
[   10.483587] systemd[1]: Listening on udev Control Socket.
[[0;32m  OK  [0m] Listening on udev Control Socket.
[   10.488655] systemd[1]: Listening on /dev/initctl Compatibility Named Pipe.
[[0;32m  OK  [0m] Listening on /dev/initctl Compatibility Named Pipe.
[[0;32m  OK  [0m] Listening on LVM2 poll daemon socket.
[[0;32m  OK  [0m] Listening on Device-mapper event daemon FIFOs.
[[0;32m  OK  [0m] Listening on Journal Audit Socket.
[[0;32m  OK  [0m] Listening on Journal Socket (/dev/log).
[[0;32m  OK  [0m] Listening on Network Service Netlink Socket.
[[0;32m  OK  [0m] Listening on Syslog Socket.
[[0;32m  OK  [0m] Listening on LVM2 metadata daemon socket.
[[0;32m  OK  [0m] Reached target Swap.
[[0;32m  OK  [0m] Created slice User and Session Slice.
[[0;32m  OK  [0m] Reached target Slices.
[[0;32m  OK  [0m] Listening on udev Kernel Socket.
[[0;32m  OK  [0m] Created slice system-serial\x2dgetty.slice.
[[0;32m  OK  [0m] Listening on Journal Socket.
         Starting Uncomplicated firewall...
         Starting Load Kernel Modules...
         Mounting Huge Pages File System...
         Starting Journal Service...
         Mounting POSIX Message Queue File System...
         Starting Monitoring of LVM2 mirrorsâ€¦ng dmeventd or progress polling...
         Starting Create list of required stâ€¦ce nodes for the current kernel...
         Mounting Kernel Debug File System...
         Starting Set the console keyboard layout...
         Starting udev Coldplug all Devices...
         Starting Remount Root and Kernel File Systems...
[[0;32m  OK  [0m] Started Forward Password Requests to Wall Directory Watch.
[[0;32m  OK  [0m] Started Uncomplicated firewall.
[[0;32m  OK  [0m] Started Create list of required staâ€¦vice nodes for the current kernel.
         Starting Create Static Device Nodes in /dev...
[[0;32m  OK  [0m] Started udev Coldplug all Devices.
[[0;32m  OK  [0m] Mounted Huge Pages File System.
[[0;32m  OK  [0m] Mounted POSIX Message Queue File System.
[[0;32m  OK  [0m] Mounted Kernel Debug File System.
[[0;32m  OK  [0m] Started Journal Service.
[   11.279722] Loading iSCSI transport class v2.0-870.
[   11.282362] EXT4-fs (sda1): re-mounted. Opts: (null)
[[0;32m  OK  [0m] Started Remount Root and Kernel File Systems.
         Starting Flush Journal to Persistent Storage...
         Starting Load/Save Random Seed...
[   11.442143] iscsi: registered transport (tcp)
[   11.584857] systemd-journald[373]: Received request to flush runtime journal from PID 1
[[0;32m  OK  [0m] Started LVM2 metadata daemon.
[[0;32m  OK  [0m] Started Load/Save Random Seed.
[[0;32m  OK  [0m] Started Create Static Device Nodes in /dev.
         Starting udev Kernel Device Manager...
[[0;32m  OK  [0m] Started Monitoring of LVM2 mirrors,â€¦sing dmeventd or progress polling.
[[0;32m  OK  [0m] Started udev Kernel Device Manager.
[   12.190976] systemd-journald[373]: File /var/log/journal/de4544b9dab44125bb5475bf5c5fef36/system.journal corrupted or uncleanly shut down, renaming and replacing.
[   12.252779] iscsi: registered transport (iser)
[[0;32m  OK  [0m] Started Load Kernel Modules.
         Mounting Kernel Configuration File System...
         Starting Apply Kernel Variables...
         Mounting FUSE Control File System...
[[0;32m  OK  [0m] Mounted Kernel Configuration File System.
[[0;32m  OK  [0m] Mounted FUSE Control File System.
[[0;32m  OK  [0m] Started Apply Kernel Variables.
[[0;32m  OK  [0m] Found device /dev/ttyS0.
[[0;32m  OK  [0m] Started Flush Journal to Persistent Storage.
[[0;32m  OK  [0m] Listening on Load/Save RF Kill Switch Status /dev/rfkill Watch.
[[0;32m  OK  [0m] Started Set the console keyboard layout.
[[0;32m  OK  [0m] Started Dispatch Password Requests to Console Directory Watch.
[[0;32m  OK  [0m] Reached target Local Encrypted Volumes.
[[0;32m  OK  [0m] Reached target Local File Systems (Pre).
[[0;32m  OK  [0m] Reached target Local File Systems.
         Starting AppArmor initialization...
         Starting ebtables ruleset management...
         Starting Tell Plymouth To Write Out Runtime Data...
         Starting Set console font and keymap...
         Starting Create Volatile Files and Directories...
[[0;32m  OK  [0m] Started Tell Plymouth To Write Out Runtime Data.
[[0;32m  OK  [0m] Started Set console font and keymap.
[[0;32m  OK  [0m] Started Create Volatile Files and Directories.
         Starting Update UTMP about System Boot/Shutdown...
[[0;32m  OK  [0m] Started Update UTMP about System Boot/Shutdown.
[[0;32m  OK  [0m] Started ebtables ruleset management.
[[0;32m  OK  [0m] Started AppArmor initialization.
         Starting Initial cloud-init job (pre-networking)...
[   22.752973] cloud-init[636]: Cloud-init v. 19.2-36-g059d049c-0ubuntu2~18.04.1 running 'init-local' at Thu, 26 Dec 2019 14:02:19 +0000. Up 22.10 seconds.
[[0;32m  OK  [0m] Started Initial cloud-init job (pre-networking).
[[0;32m  OK  [0m] Reached target Network (Pre).
         Starting Network Service...
[[0;32m  OK  [0m] Started Network Service.
         Starting Network Name Resolution...
         Starting Wait for Network to be Configured...
[[0;32m  OK  [0m] Started Network Name Resolution.
[[0;32m  OK  [0m] Reached target Host and Network Name Lookups.
[[0;32m  OK  [0m] Reached target Network.
[[0;32m  OK  [0m] Started Wait for Network to be Configured.
         Starting Initial cloud-init job (metadata service crawler)...
[   26.508040] cloud-init[734]: Cloud-init v. 19.2-36-g059d049c-0ubuntu2~18.04.1 running 'init' at Thu, 26 Dec 2019 14:02:23 +0000. Up 26.03 seconds.
[   26.513946] cloud-init[734]: ci-info: ++++++++++++++++++++++++++++++++++++++Net device info+++++++++++++++++++++++++++++++++++++++
[   26.520717] cloud-init[734]: ci-info: +--------+------+-----------------------------+---------------+--------+-------------------+
[   26.528360] cloud-init[734]: ci-info: | Device |  Up  |           Address           |      Mask     | Scope  |     Hw-Address    |
[   26.530606] cloud-init[734]: ci-info: +--------+------+-----------------------------+---------------+--------+-------------------+
[   26.533263] cloud-init[734]: ci-info: | enp0s3 | True |          10.0.2.15          | 255.255.255.0 | global | 02:00:53:70:0f:50 |
[   26.535337] cloud-init[734]: ci-info: | enp0s3 | True |    fe80::53ff:fe70:f50/64   |       .       |  link  | 02:00:53:70:0f:50 |
[   26.537950] cloud-init[734]: ci-info: | enp0s8 | True |       192.168.100.100       | 255.255.255.0 | global | 08:00:27:70:77:38 |
[   26.543548] cloud-init[734]: ci-info: | enp0s8 | True | fe80::a00:27ff:fe70:7738/64 |       .       |  link  | 08:00:27:70:77:38 |
[   26.549419] cloud-init[734]: ci-info: |   lo   | True |          127.0.0.1          |   255.0.0.0   |  host  |         .         |
[   26.553641] cloud-init[734]: ci-info: |   lo   | True |           ::1/128           |       .       |  host  |         .         |
[   26.557120] cloud-init[734]: ci-info: +--------+------+-----------------------------+---------------+--------+-------------------+
[   26.559921] cloud-init[734]: ci-info: +++++++++++++++++++++++++++++Route IPv4 info++++++++++++++++++++++++++++++
[   26.562443] cloud-init[734]: ci-info: +-------+---------------+----------+-----------------+-----------+-------+
[   26.570136] cloud-init[734]: ci-info: | Route |  Destination  | Gateway  |     Genmask     | Interface | Flags |
[   26.578503] cloud-init[734]: ci-info: +-------+---------------+----------+-----------------+-----------+-------+
[   26.584557] cloud-init[734]: ci-info: |   0   |    0.0.0.0    | 10.0.2.2 |     0.0.0.0     |   enp0s3  |   UG  |
[   26.587438] cloud-init[734]: ci-info: |   1   |    10.0.2.0   | 0.0.0.0  |  255.255.255.0  |   enp0s3  |   U   |
[   26.596621] cloud-init[734]: ci-info: |   2   |    10.0.2.2   | 0.0.0.0  | 255.255.255.255 |   enp0s3  |   UH  |
[   26.599034] cloud-init[734]: ci-info: |   3   | 192.168.100.0 | 0.0.0.0  |  255.255.255.0  |   enp0s8  |   U   |
[   26.608254] cloud-init[734]: ci-info: +-------+---------------+----------+-----------------+-----------+-------+
[   26.610575] cloud-init[734]: ci-info: +++++++++++++++++++Route IPv6 info+++++++++++++++++++
[   26.612620] cloud-init[734]: ci-info: +-------+-------------+---------+-----------+-------+
[   26.617810] cloud-init[734]: ci-info: | Route | Destination | Gateway | Interface | Flags |
[   26.624132] cloud-init[734]: ci-info: +-------+-------------+---------+-----------+-------+
[   26.626581] cloud-init[734]: ci-info: |   1   |  fe80::/64  |    ::   |   enp0s8  |   U   |
[   26.628158] cloud-init[734]: ci-info: |   2   |  fe80::/64  |    ::   |   enp0s3  |   U   |
[   26.629815] cloud-init[734]: ci-info: |   4   |    local    |    ::   |   enp0s3  |   U   |
[   26.631667] cloud-init[734]: ci-info: |   5   |    local    |    ::   |   enp0s8  |   U   |
[   26.640036] cloud-init[734]: ci-info: |   6   |   ff00::/8  |    ::   |   enp0s8  |   U   |
[   26.644259] cloud-init[734]: ci-info: |   7   |   ff00::/8  |    ::   |   enp0s3  |   U   |
[   26.648126] cloud-init[734]: ci-info: +-------+-------------+---------+-----------+-------+
[[0;32m  OK  [0m] Started Initial cloud-init job (metadata service crawler).
[[0;32m  OK  [0m] Reached target Cloud-config availability.
[[0;32m  OK  [0m] Reached target System Initialization.
[[0;32m  OK  [0m] Started Daily apt download activities.
[[0;32m  OK  [0m] Started Daily apt upgrade and clean activities.
[[0;32m  OK  [0m] Started Daily Cleanup of Temporary Directories.
         Starting Socket activation for snappy daemon.
         Starting LXD - unix socket.
[[0;32m  OK  [0m] Started Clean PHP session files every 30 mins.
[[0;32m  OK  [0m] Started Message of the Day.
[[0;32m  OK  [0m] Listening on ACPID Listen Socket.
[[0;32m  OK  [0m] Started Discard unused blocks once a week.
[[0;32m  OK  [0m] Reached target Timers.
[[0;32m  OK  [0m] Listening on UUID daemon activation socket.
[[0;32m  OK  [0m] Started ACPI Events Check.
[[0;32m  OK  [0m] Reached target Paths.
[[0;32m  OK  [0m] Listening on D-Bus System Message Bus Socket.
[[0;32m  OK  [0m] Listening on Open-iSCSI iscsid Socket.
[[0;32m  OK  [0m] Reached target Network is Online.
         Starting Availability of block devices...
[[0;32m  OK  [0m] Reached target Remote File Systems (Pre).
[[0;32m  OK  [0m] Reached target Remote File Systems.
[[0;32m  OK  [0m] Listening on Socket activation for snappy daemon.
[[0;32m  OK  [0m] Listening on LXD - unix socket.
[[0;32m  OK  [0m] Started Availability of block devices.
[[0;32m  OK  [0m] Reached target Sockets.
[[0;32m  OK  [0m] Reached target Basic System.
         Starting The Apache HTTP Server...
[[0;32m  OK  [0m] Started Regular background program processing daemon.
         Starting Message of the Day...
[[0;32m  OK  [0m] Started Deferred execution scheduler.
         Starting LSB: automatic crash report generation...
         Starting Login Service...
         Starting MySQL Community Server...
         Starting Accounts Service...
         Starting LXD - container startup/shutdown...
         Starting RabbitMQ Messaging Server...
         Starting OpenBSD Secure Shell server...
         Starting Snappy daemon...
         Starting LSB: Record successful boot for GRUB...
         Starting Permit User Sessions...
[[0;32m  OK  [0m] Started D-Bus System Message Bus.
[[0;32m  OK  [0m] Started Login Service.
[[0;32m  OK  [0m] Started FUSE filesystem for LXC.
[[0;32m  OK  [0m] Started Unattended Upgrades Shutdown.
         Starting vboxadd.service...
[[0;32m  OK  [0m] Started irqbalance daemon.
         Starting Dispatcher daemon for systemd-networkd...
         Starting System Logging Service...
         Starting Clean php session files...
[[0;32m  OK  [0m] Started Permit User Sessions.
         Starting Hold until boot process finishes up...
         Starting Terminate Plymouth Boot Screen...
[[0;32m  OK  [0m] Started Hold until boot process finishes up.
         Starting Set console scheme...
[[0;32m  OK  [0m] Started Serial Getty on ttyS0.
[[0;32m  OK  [0m] Started Terminate Plymouth Boot Screen.
[[0;32m  OK  [0m] Started LSB: automatic crash report generation.
[[0;32m  OK  [0m] Started Set console scheme.
[[0;32m  OK  [0m] Created slice system-getty.slice.
[[0;32m  OK  [0m] Started Getty on tty1.
[[0;32m  OK  [0m] Reached target Login Prompts.
         Starting Authorization Manager...
[[0;32m  OK  [0m] Started OpenBSD Secure Shell server.
[[0;32m  OK  [0m] Started LSB: Record successful boot for GRUB.
[[0;32m  OK  [0m] Started Authorization Manager.
[[0;32m  OK  [0m] Started Accounts Service.
[[0;32m  OK  [0m] Started System Logging Service.
[[0;32m  OK  [0m] Created slice User Slice of vagrant.

Ubuntu 18.04.3 LTS ubuntu-bionic ttyS0

ubuntu-bionic login: [   44.598860] cloud-init[1580]: Cloud-init v. 19.2-36-g059d049c-0ubuntu2~18.04.1 running 'modules:config' at Thu, 26 Dec 2019 14:02:41 +0000. Up 43.85 seconds.
[   63.875124] cloud-init[2553]: Cloud-init v. 19.2-36-g059d049c-0ubuntu2~18.04.1 running 'modules:final' at Thu, 26 Dec 2019 14:03:01 +0000. Up 63.56 seconds.
[   63.880903] cloud-init[2553]: Cloud-init v. 19.2-36-g059d049c-0ubuntu2~18.04.1 finished at Thu, 26 Dec 2019 14:03:01 +0000. Datasource DataSourceNoCloud [seed=/dev/sdb][dsmode=net].  Up 63.85 seconds
